<?xml version="1.0"?>
<html><head><title>Churn by Product</title><style type="text/css">	.PROD {background-color:cyan}
	.PROD * {background-color:cyan}
	.ACT {background-color:green;font-weight:bold}
	.ACT * {background-color:green;font-weight:bold}
	.NR {background-color:yellow;color:blue}
	.NR * {background-color:yellow;color:blue}
	.RC {background-color:yellow;color:red}
	.RC * {background-color:yellow;color:red}

				</style></head><body><h1><center>Churn by Product</center></h1><table width="100%"><tr><td width="50%" align="left" valign="top">
							Run Date: Wed Apr  4 23:00:55 2001 GMT<br/>
							Parameters:
						</td><td align="right" valign="top"><table><tr><th>Legend</th></tr><tr class="PROD"><td>Product</td></tr><tr class="ACT"><td>Action</td></tr><tr class="NR"><td>Non-Recurring</td></tr><tr class="RC"><td>Recurring</td></tr></table></td></tr></table><table align="center"><tr class="
PROD
"><td>Apple</td><td>Proj. Rev: 255750</td><td>Actual Rev: 85.53</td></tr><tr class="
ACT
"><td>PICK</td><td>Proj. Rev: 0</td><td>Act. Rev: 50</td></tr><tr><td valign="top"/><td valign="top"/></tr><tr class="
ACT
"/><tr class="
ACT
"><td>EAT</td><td>Proj. Rev: 0</td><td>Act. Rev: 0</td></tr><tr><td valign="top"/><td valign="top"/></tr><tr class="
ACT
"/><tr class="
ACT
"><td>SQUEEZE</td><td>Proj. Rev: 255750</td><td>Act. Rev: 35.53</td></tr><tr><td valign="top"/><td valign="top"/></tr><tr class="
ACT
"/><tr class="
PROD
"/><tr class="
PROD
"><td>Orange</td><td>Proj. Rev: 1743250</td><td>Actual Rev: 10695.229999999</td></tr><tr class="
ACT
"><td>PICK</td><td>Proj. Rev: 1159000</td><td>Act. Rev: 9964.479999999</td></tr><tr><td valign="top"/><td valign="top"/></tr><tr class="
ACT
"/><tr class="
ACT
"><td>EAT</td><td>Proj. Rev: 0</td><td>Act. Rev: 0</td></tr><tr><td valign="top"/><td valign="top"/></tr><tr class="
ACT
"/><tr class="
ACT
"><td>SQUEEZE</td><td>Proj. Rev: 584250</td><td>Act. Rev: 730.749999999</td></tr><tr><td valign="top"/><td valign="top"/></tr><tr class="
ACT
"/><tr class="
PROD
"/><tr class="
PROD
"><td>Banana</td><td>Proj. Rev: 110250</td><td>Actual Rev: 202.9</td></tr><tr class="
ACT
"><td>PICK</td><td>Proj. Rev: 98000</td><td>Act. Rev: 202.9</td></tr><tr><td valign="top"/><td valign="top"/></tr><tr class="
ACT
"/><tr class="
ACT
"><td>EAT</td><td>Proj. Rev: 12250</td><td>Act. Rev: 0</td></tr><tr><td valign="top"/><td valign="top"/></tr><tr class="
ACT
"/><tr class="
PROD
"/><tr class="
PROD
"><td>Nectarine</td><td>Proj. Rev: 5950</td><td>Actual Rev: -5.95</td></tr><tr class="
ACT
"><td>SQUEEZE</td><td>Proj. Rev: 5950</td><td>Act. Rev: -5.95</td></tr><tr><td valign="top"/><td valign="top"/></tr><tr class="
ACT
"/><tr class="
PROD
"/><tr class="
PROD
"><td>Pineapple</td><td>Proj. Rev: 36250</td><td>Actual Rev: 73.129999999</td></tr><tr class="
ACT
"><td>PICK</td><td>Proj. Rev: 23750</td><td>Act. Rev: 68.75</td></tr><tr><td valign="top"/><td valign="top"/></tr><tr class="
ACT
"/><tr class="
ACT
"><td>EAT</td><td>Proj. Rev: 0</td><td>Act. Rev: 0</td></tr><tr><td valign="top"/><td valign="top"/></tr><tr class="
ACT
"/><tr class="
ACT
"><td>SQUEEZE</td><td>Proj. Rev: 12500</td><td>Act. Rev: 4.379999999</td></tr><tr><td valign="top"/><td valign="top"/></tr><tr class="
ACT
"/><tr class="
PROD
"/><tr class="
PROD
"><td>Coconut</td><td>Proj. Rev: 13750</td><td>Actual Rev: 17.87</td></tr><tr class="
ACT
"><td>PICK</td><td>Proj. Rev: 13750</td><td>Act. Rev: 17.87</td></tr><tr><td valign="top"/><td valign="top"/></tr><tr class="
ACT
"/><tr class="
PROD
"/><tr class="
PROD
"><td>Guava</td><td>Proj. Rev: 14995</td><td>Actual Rev: -19.489999999</td></tr><tr class="
ACT
"><td>SQUEEZE</td><td>Proj. Rev: 14995</td><td>Act. Rev: -19.489999999</td></tr><tr><td valign="top"/><td valign="top"/></tr><tr class="
ACT
"/><tr class="
PROD
"/><tr class="
PROD
"><td>Pear</td><td>Proj. Rev: 29995</td><td>Actual Rev: 38.99</td></tr><tr class="
ACT
"><td>PICK</td><td>Proj. Rev: 29995</td><td>Act. Rev: 38.99</td></tr><tr><td valign="top"/><td valign="top"/></tr><tr class="
ACT
"/><tr class="
PROD
"/><tr class="
PROD
"><td>Raisin</td><td>Proj. Rev: 299925</td><td>Actual Rev: 227.949999999</td></tr><tr class="
ACT
"><td>EAT</td><td>Proj. Rev: 0</td><td>Act. Rev: 0</td></tr><tr><td valign="top"/><td valign="top"/></tr><tr class="
ACT
"/><tr class="
ACT
"><td>SQUEEZE</td><td>Proj. Rev: 299925</td><td>Act. Rev: 227.949999999</td></tr><tr><td valign="top"/><td valign="top"/></tr><tr class="
ACT
"/><tr class="
PROD
"/><tr class="
PROD
"><td>Fig</td><td>Proj. Rev: 74990</td><td>Actual Rev: 136.24</td></tr><tr class="
ACT
"><td>PICK</td><td>Proj. Rev: 74990</td><td>Act. Rev: 136.24</td></tr><tr><td valign="top"/><td valign="top"/></tr><tr class="
ACT
"/><tr class="
PROD
"/></table></body></html>
