<!DOCTYPE HTML PUBLIC "http://www.w3.org/TR/REC-html40/loose.dtd" "-//W3C//DTD HTML 4.0 Transitional//EN">
<?php Success>
