<!DOCTYPE HTML PUBLIC "-//W3C//DTD HTML 4.0 Transitional//EN" "http://www.w3.org/TR/REC-html40/loose.dtd">
<html>
<head>
<meta content="text/html; charset=UTF-8" http-equiv="Content-Type">
<title>Midterm Exam</title>
<script><
	 funtion test() {
	   var a;
	   var b;

	   if (a < b) { alert('Hello'); }
	 }

	 <</script>
</head>
<body bgcolor="white"></body>
</html>
