<?xml version="1.0"?>
<out>;
      6;
      1;
      3;
      0;
      0;
      0;
      3;
    </out>
