<?xml version="1.0"?>
<out>;
      4;
      6;
      7;
      0;
      0;
      3;
    </out>
