<!DOCTYPE HTML PUBLIC "http://www.w3.org/TR/REC-html40/loose.dtd" "-//W3C//DTD HTML 4.0 Transitional//EN">

  <measurement unit="in">12362180</measurement>
  <measurement unit="ft">521.647199999</measurement>
  <measurement unit="yd">276683.33</measurement>
  <measurement unit="mi">0.000136701399</measurement>
  <measurement unit="in">1.275587996</measurement>
  <measurement unit="ft">1332004.8</measurement>
  <measurement unit="yd">95012.388419899</measurement>
  <measurement unit="mi">0.00250598521</measurement>
  <measurement unit="in">39370</measurement>
  <measurement unit="ft">8.612395272</measurement>
  <measurement unit="yd">0.0470252298</measurement>
  <measurement unit="mi">0.0000893530059</measurement>
  <measurement unit="in">3031490</measurement>

