
ONE 22.0
TWO 0,00,22.0
THREE 2200.00%
FOUR 22000.00?
FIVE 00,022.0
SIX abc22.00123
SEVEN 22-0
EIGHT 22-0
NINE 22-0

ONE 22.22
TWO 0,00,22.22
THREE 2222.00%
FOUR 22220.00?
FIVE 00,022.22
SIX abc22.22123
SEVEN 22-0
EIGHT 22-0
NINE 22-0

ONE 1,23.46
TWO 0,01,23.46
THREE 12345.60%
FOUR 123456.00?
FIVE 00,123.46
SIX abc123.46123
SEVEN 123-0
EIGHT 123-0
NINE 123-0

ONE -7,77,77.78
TWO 77777.77777
THREE -7777777.78%
FOUR -77777777.77?
FIVE 77778-000000000.0
SIX abc-77777.78123
SEVEN 77778
EIGHT 77778-0
NINE -77778-0

ONE -61,23.03
TWO 6123.03000
THREE -612303.00%
FOUR -6123030.00?
FIVE 6123-000000000.0
SIX abc-6123.03123
SEVEN 6123
EIGHT 6123-0
NINE -6123-0

ONE 00.0
TWO 0,00,00.0
THREE 0.00%
FOUR 0.00?
FIVE 00,000.0
SIX abc0.00123
SEVEN 0-0
EIGHT 0-0
NINE 0-0

ONE 00.0
TWO 0,00,00.0
THREE 0.00%
FOUR 0.00?
FIVE 00,000.0
SIX abc0.00123
SEVEN 0-0
EIGHT 0-0
NINE 0-0
