<?xml version="1.0" encoding="utf-8"?>
earth. the from perish not shall the
people, for people the by people the of government that and freedom, birth
of new a have shall nation, the that vain; in died have not dead
shall these resolve highly here we that -- devotion of measure last
full the gave here, they which for cause that to devotion take
increased we dead honored these from that, -- us before remaining great
task the to dedicated be here we living, the us, for rather is here.
It did they what forget never can it while say
here; we what remember long nor note, little will world The or
detract. add to power poor our above far it, hallowed have struggled
here, who dead, and living men, brave The -- ground this not
hallow, can we -- consecrate not can we -- dedicate not can we larger
sense, a in But, do. propriety all in may, we This live. might the
nation that here, died who those for place resting final a as it, portion
of a dedicate to come We war. that of field battle great a on are
met We endure. long can dedicated, so and conceived, so nation any nation,
or that whether testing war, civil great a in engaged are we equal&quot;
Now created are men &quot;all that the
proposition to dedicated and liberty, in conceived nation, new a this
continent, upon forth, brought fathers our ago years seven and score Four
