<?xml version="1.0" encoding="utf-8"?>
<summary><total>239 nodes,
      100 elements,
      137 text nodes,
      131 attributes.
    </total><analysis><description>Recognized as xslt stylesheet:</description><stats>0 templates,
      0 variables,
      0 value-of's,
    </stats></analysis></summary>
