<?xml version="1.0"?>
<axsl:stylesheet xmlns:axsl="http://www.w3.org/1999/XSL/Transform">
<axsl:template match="p"><fo:block xmlns:fo="http://www.w3.org/1999/XSL/Format"><axsl:apply-templates/></fo:block></axsl:template>
<axsl:template match="h1"><fo:block xmlns:fo="http://www.w3.org/1999/XSL/Format"><axsl:apply-templates/></fo:block></axsl:template>
<axsl:template match="h2"><fo:block xmlns:fo="http://www.w3.org/1999/XSL/Format"><axsl:apply-templates/></fo:block></axsl:template>
<axsl:template match="h3"><fo:block xmlns:fo="http://www.w3.org/1999/XSL/Format"><axsl:apply-templates/></fo:block></axsl:template>
<axsl:template match="h4"><fo:block xmlns:fo="http://www.w3.org/1999/XSL/Format"><axsl:apply-templates/></fo:block></axsl:template>
</axsl:stylesheet>
