<!DOCTYPE HTML PUBLIC "-//W3C//DTD HTML 4.0 Transitional//EN" "http://www.w3.org/TR/REC-html40/loose.dtd">
<html>
<head><title>XSLT 1.8 required</title></head>
<body><p>Sorry, this stylesheet requires XSLT 1.8.</p></body>
</html>
