<?xml version="1.0"?>
<doc>
<fo:block xmlns:fo="http://www.w3.org/1999/XSL/Format">
This is a chapter
</fo:block>
<fo:block xmlns:fo="http://www.w3.org/1999/XSL/Format">This is another chapter</fo:block>
</doc>
