<?xml version="1.0"?>
<html><head><title>Customers</title></head><body><table><tbody><tr><th>...</th><td>...</td><td>...</td></tr><tr><th>...</th><td>...</td><td>...</td></tr></tbody></table></body></html>
