<!DOCTYPE HTML PUBLIC "-//W3C//DTD HTML 4.0 Transitional//EN" "http://www.w3.org/TR/REC-html40/loose.dtd">
<html>
<head><title>Expense Report Summary</title></head>
<body><p>Total Amount: 1234</p></body>
</html>
