Templates:
#0 name / 
Variables:
<?xml version="1.0"?>
